// Jest Snapshot v1, https://goo.gl/fbAQLP

exports[`EditMap Component Should render correctly 1`] = `
<div
  class="edit-location"
/>
`;
