// Jest Snapshot v1, https://goo.gl/fbAQLP

exports[`LocationGridList component Should render correctly 1`] = `
<LocationGridList>
  <Spin
    size="default"
    spinning={true}
    tip="loading..."
    wrapperClassName=""
  >
    <div
      className="ant-spin-nested-loading"
    >
      <div
        key="loading"
      >
        <div
          className="ant-spin ant-spin-spinning ant-spin-show-text"
        >
          <span
            className="ant-spin-dot ant-spin-dot-spin"
          >
            <i />
            <i />
            <i />
            <i />
          </span>
          <div
            className="ant-spin-text"
          >
            loading...
          </div>
        </div>
      </div>
      <div
        className="ant-spin-container ant-spin-blur"
        key="container"
      >
        <div>
          <List
            bordered={false}
            className="location-list"
            dataSource={Array []}
            grid={
              Object {
                "gutter": 10,
                "md": 3,
                "sm": 2,
                "xs": 2,
              }
            }
            loading={false}
            pagination={false}
            renderItem={[Function]}
            split={true}
          >
            <div
              className="ant-list location-list ant-list-split ant-list-grid"
            >
              <Spin
                size="default"
                spinning={false}
                wrapperClassName=""
              >
                <div
                  className="ant-spin-nested-loading"
                >
                  <div
                    className="ant-spin-container"
                    key="container"
                  >
                    <div
                      className="ant-list-empty-text"
                    >
                      <Empty
                        className="ant-empty-normal"
                        image="data:image/svg+xml;base64,PHN2ZyB3aWR0aD0iNjQiIGhlaWdodD0iNDEiIHhtbG5zPSJodHRwOi8vd3d3LnczLm9yZy8yMDAwL3N2ZyI+CiAgPGcgdHJhbnNmb3JtPSJ0cmFuc2xhdGUoMCAxKSIgZmlsbD0ibm9uZSIgZmlsbC1ydWxlPSJldmVub2RkIj4KICAgIDxlbGxpcHNlIGZpbGw9IiNGNUY1RjUiIGN4PSIzMiIgY3k9IjMzIiByeD0iMzIiIHJ5PSI3Ii8+CiAgICA8ZyBmaWxsLXJ1bGU9Im5vbnplcm8iIHN0cm9rZT0iI0Q5RDlEOSI+CiAgICAgIDxwYXRoIGQ9Ik01NSAxMi43Nkw0NC44NTQgMS4yNThDNDQuMzY3LjQ3NCA0My42NTYgMCA0Mi45MDcgMEgyMS4wOTNjLS43NDkgMC0xLjQ2LjQ3NC0xLjk0NyAxLjI1N0w5IDEyLjc2MVYyMmg0NnYtOS4yNHoiLz4KICAgICAgPHBhdGggZD0iTTQxLjYxMyAxNS45MzFjMC0xLjYwNS45OTQtMi45MyAyLjIyNy0yLjkzMUg1NXYxOC4xMzdDNTUgMzMuMjYgNTMuNjggMzUgNTIuMDUgMzVoLTQwLjFDMTAuMzIgMzUgOSAzMy4yNTkgOSAzMS4xMzdWMTNoMTEuMTZjMS4yMzMgMCAyLjIyNyAxLjMyMyAyLjIyNyAyLjkyOHYuMDIyYzAgMS42MDUgMS4wMDUgMi45MDEgMi4yMzcgMi45MDFoMTQuNzUyYzEuMjMyIDAgMi4yMzctMS4zMDggMi4yMzctMi45MTN2LS4wMDd6IiBmaWxsPSIjRkFGQUZBIi8+CiAgICA8L2c+CiAgPC9nPgo8L3N2Zz4K"
                      >
                        <LocaleReceiver
                          componentName="Empty"
                        >
                          <div
                            className="ant-empty ant-empty-normal"
                          >
                            <div
                              className="ant-empty-image"
                            >
                              <img
                                alt="No Data"
                                src="data:image/svg+xml;base64,PHN2ZyB3aWR0aD0iNjQiIGhlaWdodD0iNDEiIHhtbG5zPSJodHRwOi8vd3d3LnczLm9yZy8yMDAwL3N2ZyI+CiAgPGcgdHJhbnNmb3JtPSJ0cmFuc2xhdGUoMCAxKSIgZmlsbD0ibm9uZSIgZmlsbC1ydWxlPSJldmVub2RkIj4KICAgIDxlbGxpcHNlIGZpbGw9IiNGNUY1RjUiIGN4PSIzMiIgY3k9IjMzIiByeD0iMzIiIHJ5PSI3Ii8+CiAgICA8ZyBmaWxsLXJ1bGU9Im5vbnplcm8iIHN0cm9rZT0iI0Q5RDlEOSI+CiAgICAgIDxwYXRoIGQ9Ik01NSAxMi43Nkw0NC44NTQgMS4yNThDNDQuMzY3LjQ3NCA0My42NTYgMCA0Mi45MDcgMEgyMS4wOTNjLS43NDkgMC0xLjQ2LjQ3NC0xLjk0NyAxLjI1N0w5IDEyLjc2MVYyMmg0NnYtOS4yNHoiLz4KICAgICAgPHBhdGggZD0iTTQxLjYxMyAxNS45MzFjMC0xLjYwNS45OTQtMi45MyAyLjIyNy0yLjkzMUg1NXYxOC4xMzdDNTUgMzMuMjYgNTMuNjggMzUgNTIuMDUgMzVoLTQwLjFDMTAuMzIgMzUgOSAzMy4yNTkgOSAzMS4xMzdWMTNoMTEuMTZjMS4yMzMgMCAyLjIyNyAxLjMyMyAyLjIyNyAyLjkyOHYuMDIyYzAgMS42MDUgMS4wMDUgMi45MDEgMi4yMzcgMi45MDFoMTQuNzUyYzEuMjMyIDAgMi4yMzctMS4zMDggMi4yMzctMi45MTN2LS4wMDd6IiBmaWxsPSIjRkFGQUZBIi8+CiAgICA8L2c+CiAgPC9nPgo8L3N2Zz4K"
                              />
                            </div>
                            <p
                              className="ant-empty-description"
                            >
                              No Data
                            </p>
                          </div>
                        </LocaleReceiver>
                      </Empty>
                    </div>
                  </div>
                </div>
              </Spin>
            </div>
          </List>
        </div>
      </div>
    </div>
  </Spin>
</LocationGridList>
`;
